ma55a10 Malvern-Regular "malverna ReEncodeFont" <malverna.enc <ma55a10.pfb
ma56a10 Malvern-Oblique "malverna ReEncodeFont" <malverna.enc <ma56a10.pfb
ma75a10 Malvern-Bold "malverna ReEncodeFont" <malverna.enc <ma75a10.pfb
ma76a10 Malvern-BoldOblique "malverna ReEncodeFont" <malverna.enc <ma76a10.pfb
ma55az10 Malvern-Regular "malvernaz ReEncodeFont" <malvernaz.enc <ma55a10.pfb
ma56az10 Malvern-Oblique "malvernaz ReEncodeFont" <malvernza.enc <ma56a10.pfb
ma75az10 Malvern-Bold "malvernaz ReEncodeFont" <malvernaz.enc <ma75a10.pfb
ma76az10 Malvern-BoldOblique "malvernaz ReEncodeFont" <malvernaz.enc <ma76a10.pfb
ma55s10 Malvern-Regular "malverns ReEncodeFont" <malverns.enc <ma55a10.pfb
ma56s10 Malvern-Oblique "malverns ReEncodeFont" <malverns.enc <ma56a10.pfb
ma75s10 Malvern-Bold "malverns ReEncodeFont" <malverns.enc <ma75a10.pfb
ma76s10 Malvern-BoldOblique "malverns ReEncodeFont" <malverns.enc <ma76a10.pfb
ma55b10 Malvern-Regular "malvernb ReEncodeFont" <malvernb.enc <ma55a10.pfb
ma56b10 Malvern-Oblique "malvernb ReEncodeFont" <malvernb.enc <ma56a10.pfb
ma75b10 Malvern-Bold "malvernb ReEncodeFont" <malvernb.enc <ma75a10.pfb
ma76b10 Malvern-BoldOblique "malvernb ReEncodeFont" <malvernb.enc <ma76a10.pfb
ma55c10 Malvern-Regular "malvernc ReEncodeFont" <malvernc.enc <ma55a10.pfb
ma56c10 Malvern-Oblique "malvernc ReEncodeFont" <malvernc.enc <ma56a10.pfb
ma75c10 Malvern-Bold "malvernc ReEncodeFont" <malvernc.enc <ma75a10.pfb
ma76c10 Malvern-BoldOblique "malvernc ReEncodeFont" <malvernc.enc <ma76a10.pfb
ma55g10 Malvern-Regular "malverng ReEncodeFont" <malverng.enc <ma55a10.pfb
ma56g10 Malvern-Oblique "malverng ReEncodeFont" <malverng.enc <ma56a10.pfb
ma75g10 Malvern-Bold "malverng ReEncodeFont" <malverng.enc <ma75a10.pfb
ma76g10 Malvern-BoldOblique "malverng ReEncodeFont" <malverng.enc <ma76a10.pfb
ma55a7 Malvern-Regular "malverna ReEncodeFont" <malverna.enc <ma55a10.pfb
ma56a7 Malvern-Oblique "malverna ReEncodeFont" <malverna.enc <ma56a10.pfb
ma75a7 Malvern-Bold "malverna ReEncodeFont" <malverna.enc <ma75a10.pfb
ma76a7 Malvern-BoldOblique "malverna ReEncodeFont" <malverna.enc <ma76a10.pfb
ma55az7 Malvern-Regular "malvernaz ReEncodeFont" <malvernaz.enc <ma55a10.pfb
ma56az7 Malvern-Oblique "malvernaz ReEncodeFont" <malvernza.enc <ma56a10.pfb
ma75az7 Malvern-Bold "malvernaz ReEncodeFont" <malvernaz.enc <ma75a10.pfb
ma76az7 Malvern-BoldOblique "malvernaz ReEncodeFont" <malvernaz.enc <ma76a10.pfb
ma55s7 Malvern-Regular "malverns ReEncodeFont" <malverns.enc <ma55a10.pfb
ma56s7 Malvern-Oblique "malverns ReEncodeFont" <malverns.enc <ma56a10.pfb
ma75s7 Malvern-Bold "malverns ReEncodeFont" <malverns.enc <ma75a10.pfb
ma76s7 Malvern-BoldOblique "malverns ReEncodeFont" <malverns.enc <ma76a10.pfb
ma55b7 Malvern-Regular "malvernb ReEncodeFont" <malvernb.enc <ma55a10.pfb
ma56b7 Malvern-Oblique "malvernb ReEncodeFont" <malvernb.enc <ma56a10.pfb
ma75b7 Malvern-Bold "malvernb ReEncodeFont" <malvernb.enc <ma75a10.pfb
ma76b7 Malvern-BoldOblique "malvernb ReEncodeFont" <malvernb.enc <ma76a10.pfb
ma55c7 Malvern-Regular "malvernc ReEncodeFont" <malvernc.enc <ma55a10.pfb
ma56c7 Malvern-Oblique "malvernc ReEncodeFont" <malvernc.enc <ma56a10.pfb
ma75c7 Malvern-Bold "malvernc ReEncodeFont" <malvernc.enc <ma75a10.pfb
ma76c7 Malvern-BoldOblique "malvernc ReEncodeFont" <malvernc.enc <ma76a10.pfb
ma55g7 Malvern-Regular "malverng ReEncodeFont" <malverng.enc <ma55a10.pfb
ma56g7 Malvern-Oblique "malverng ReEncodeFont" <malverng.enc <ma56a10.pfb
ma75g7 Malvern-Bold "malverng ReEncodeFont" <malverng.enc <ma75a10.pfb
ma76g7 Malvern-BoldOblique "malverng ReEncodeFont" <malverng.enc <ma76a10.pfb
ma55a12 Malvern-Regular "malverna ReEncodeFont" <malverna.enc <ma55a10.pfb
ma56a12 Malvern-Oblique "malverna ReEncodeFont" <malverna.enc <ma56a10.pfb
ma75a12 Malvern-Bold "malverna ReEncodeFont" <malverna.enc <ma75a10.pfb
ma76a12 Malvern-BoldOblique "malverna ReEncodeFont" <malverna.enc <ma76a10.pfb
ma55az12 Malvern-Regular "malvernaz ReEncodeFont" <malvernaz.enc <ma55a10.pfb
ma56az12 Malvern-Oblique "malvernaz ReEncodeFont" <malvernza.enc <ma56a10.pfb
ma75az12 Malvern-Bold "malvernaz ReEncodeFont" <malvernaz.enc <ma75a10.pfb
ma76az12 Malvern-BoldOblique "malvernaz ReEncodeFont" <malvernaz.enc <ma76a10.pfb
ma55s12 Malvern-Regular "malverns ReEncodeFont" <malverns.enc <ma55a10.pfb
ma56s12 Malvern-Oblique "malverns ReEncodeFont" <malverns.enc <ma56a10.pfb
ma75s12 Malvern-Bold "malverns ReEncodeFont" <malverns.enc <ma75a10.pfb
ma76s12 Malvern-BoldOblique "malverns ReEncodeFont" <malverns.enc <ma76a10.pfb
ma55b12 Malvern-Regular "malvernb ReEncodeFont" <malvernb.enc <ma55a10.pfb
ma56b12 Malvern-Oblique "malvernb ReEncodeFont" <malvernb.enc <ma56a10.pfb
ma75b12 Malvern-Bold "malvernb ReEncodeFont" <malvernb.enc <ma75a10.pfb
ma76b12 Malvern-BoldOblique "malvernb ReEncodeFont" <malvernb.enc <ma76a10.pfb
ma55c12 Malvern-Regular "malvernc ReEncodeFont" <malvernc.enc <ma55a10.pfb
ma56c12 Malvern-Oblique "malvernc ReEncodeFont" <malvernc.enc <ma56a10.pfb
ma75c12 Malvern-Bold "malvernc ReEncodeFont" <malvernc.enc <ma75a10.pfb
ma76c12 Malvern-BoldOblique "malvernc ReEncodeFont" <malvernc.enc <ma76a10.pfb
ma55g12 Malvern-Regular "malverng ReEncodeFont" <malverng.enc <ma55a10.pfb
ma56g12 Malvern-Oblique "malverng ReEncodeFont" <malverng.enc <ma56a10.pfb
ma75g12 Malvern-Bold "malverng ReEncodeFont" <malverng.enc <ma75a10.pfb
ma76g12 Malvern-BoldOblique "malverng ReEncodeFont" <malverng.enc <ma76a10.pfb
ma55a14 Malvern-Regular "malverna ReEncodeFont" <malverna.enc <ma55a10.pfb
ma56a14 Malvern-Oblique "malverna ReEncodeFont" <malverna.enc <ma56a10.pfb
ma75a14 Malvern-Bold "malverna ReEncodeFont" <malverna.enc <ma75a10.pfb
ma76a14 Malvern-BoldOblique "malverna ReEncodeFont" <malverna.enc <ma76a10.pfb
ma55az14 Malvern-Regular "malvernaz ReEncodeFont" <malvernaz.enc <ma55a10.pfb
ma56az14 Malvern-Oblique "malvernaz ReEncodeFont" <malvernza.enc <ma56a10.pfb
ma75az14 Malvern-Bold "malvernaz ReEncodeFont" <malvernaz.enc <ma75a10.pfb
ma76az14 Malvern-BoldOblique "malvernaz ReEncodeFont" <malvernaz.enc <ma76a10.pfb
ma55s14 Malvern-Regular "malverns ReEncodeFont" <malverns.enc <ma55a10.pfb
ma56s14 Malvern-Oblique "malverns ReEncodeFont" <malverns.enc <ma56a10.pfb
ma75s14 Malvern-Bold "malverns ReEncodeFont" <malverns.enc <ma75a10.pfb
ma76s14 Malvern-BoldOblique "malverns ReEncodeFont" <malverns.enc <ma76a10.pfb
ma55b14 Malvern-Regular "malvernb ReEncodeFont" <malvernb.enc <ma55a10.pfb
ma56b14 Malvern-Oblique "malvernb ReEncodeFont" <malvernb.enc <ma56a10.pfb
ma75b14 Malvern-Bold "malvernb ReEncodeFont" <malvernb.enc <ma75a10.pfb
ma76b14 Malvern-BoldOblique "malvernb ReEncodeFont" <malvernb.enc <ma76a10.pfb
ma55c14 Malvern-Regular "malvernc ReEncodeFont" <malvernc.enc <ma55a10.pfb
ma56c14 Malvern-Oblique "malvernc ReEncodeFont" <malvernc.enc <ma56a10.pfb
ma75c14 Malvern-Bold "malvernc ReEncodeFont" <malvernc.enc <ma75a10.pfb
ma76c14 Malvern-BoldOblique "malvernc ReEncodeFont" <malvernc.enc <ma76a10.pfb
ma55g14 Malvern-Regular "malverng ReEncodeFont" <malverng.enc <ma55a10.pfb
ma56g14 Malvern-Oblique "malverng ReEncodeFont" <malverng.enc <ma56a10.pfb
ma75g14 Malvern-Bold "malverng ReEncodeFont" <malverng.enc <ma75a10.pfb
ma76g14 Malvern-BoldOblique "malverng ReEncodeFont" <malverng.enc <ma76a10.pfb
ma55a18 Malvern-Regular "malverna ReEncodeFont" <malverna.enc <ma55a10.pfb
ma56a18 Malvern-Oblique "malverna ReEncodeFont" <malverna.enc <ma56a10.pfb
ma75a18 Malvern-Bold "malverna ReEncodeFont" <malverna.enc <ma75a10.pfb
ma76a18 Malvern-BoldOblique "malverna ReEncodeFont" <malverna.enc <ma76a10.pfb
ma55az18 Malvern-Regular "malvernaz ReEncodeFont" <malvernaz.enc <ma55a10.pfb
ma56az18 Malvern-Oblique "malvernaz ReEncodeFont" <malvernza.enc <ma56a10.pfb
ma75az18 Malvern-Bold "malvernaz ReEncodeFont" <malvernaz.enc <ma75a10.pfb
ma76az18 Malvern-BoldOblique "malvernaz ReEncodeFont" <malvernaz.enc <ma76a10.pfb
ma55s18 Malvern-Regular "malverns ReEncodeFont" <malverns.enc <ma55a10.pfb
ma56s18 Malvern-Oblique "malverns ReEncodeFont" <malverns.enc <ma56a10.pfb
ma75s18 Malvern-Bold "malverns ReEncodeFont" <malverns.enc <ma75a10.pfb
ma76s18 Malvern-BoldOblique "malverns ReEncodeFont" <malverns.enc <ma76a10.pfb
ma55b18 Malvern-Regular "malvernb ReEncodeFont" <malvernb.enc <ma55a10.pfb
ma56b18 Malvern-Oblique "malvernb ReEncodeFont" <malvernb.enc <ma56a10.pfb
ma75b18 Malvern-Bold "malvernb ReEncodeFont" <malvernb.enc <ma75a10.pfb
ma76b18 Malvern-BoldOblique "malvernb ReEncodeFont" <malvernb.enc <ma76a10.pfb
ma55c18 Malvern-Regular "malvernc ReEncodeFont" <malvernc.enc <ma55a10.pfb
ma56c18 Malvern-Oblique "malvernc ReEncodeFont" <malvernc.enc <ma56a10.pfb
ma75c18 Malvern-Bold "malvernc ReEncodeFont" <malvernc.enc <ma75a10.pfb
ma76c18 Malvern-BoldOblique "malvernc ReEncodeFont" <malvernc.enc <ma76a10.pfb
ma55g18 Malvern-Regular "malverng ReEncodeFont" <malverng.enc <ma55a10.pfb
ma56g18 Malvern-Oblique "malverng ReEncodeFont" <malverng.enc <ma56a10.pfb
ma75g18 Malvern-Bold "malverng ReEncodeFont" <malverng.enc <ma75a10.pfb
ma76g18 Malvern-BoldOblique "malverng ReEncodeFont" <malverng.enc <ma76a10.pfb
ma55a24 Malvern-Regular "malverna ReEncodeFont" <malverna.enc <ma55a10.pfb
ma56a24 Malvern-Oblique "malverna ReEncodeFont" <malverna.enc <ma56a10.pfb
ma75a24 Malvern-Bold "malverna ReEncodeFont" <malverna.enc <ma75a10.pfb
ma76a24 Malvern-BoldOblique "malverna ReEncodeFont" <malverna.enc <ma76a10.pfb
ma55az24 Malvern-Regular "malvernaz ReEncodeFont" <malvernaz.enc <ma55a10.pfb
ma56az24 Malvern-Oblique "malvernaz ReEncodeFont" <malvernza.enc <ma56a10.pfb
ma75az24 Malvern-Bold "malvernaz ReEncodeFont" <malvernaz.enc <ma75a10.pfb
ma76az24 Malvern-BoldOblique "malvernaz ReEncodeFont" <malvernaz.enc <ma76a10.pfb
ma55s24 Malvern-Regular "malverns ReEncodeFont" <malverns.enc <ma55a10.pfb
ma56s24 Malvern-Oblique "malverns ReEncodeFont" <malverns.enc <ma56a10.pfb
ma75s24 Malvern-Bold "malverns ReEncodeFont" <malverns.enc <ma75a10.pfb
ma76s24 Malvern-BoldOblique "malverns ReEncodeFont" <malverns.enc <ma76a10.pfb
ma55b24 Malvern-Regular "malvernb ReEncodeFont" <malvernb.enc <ma55a10.pfb
ma56b24 Malvern-Oblique "malvernb ReEncodeFont" <malvernb.enc <ma56a10.pfb
ma75b24 Malvern-Bold "malvernb ReEncodeFont" <malvernb.enc <ma75a10.pfb
ma76b24 Malvern-BoldOblique "malvernb ReEncodeFont" <malvernb.enc <ma76a10.pfb
ma55c24 Malvern-Regular "malvernc ReEncodeFont" <malvernc.enc <ma55a10.pfb
ma56c24 Malvern-Oblique "malvernc ReEncodeFont" <malvernc.enc <ma56a10.pfb
ma75c24 Malvern-Bold "malvernc ReEncodeFont" <malvernc.enc <ma75a10.pfb
ma76c24 Malvern-BoldOblique "malvernc ReEncodeFont" <malvernc.enc <ma76a10.pfb
ma55g24 Malvern-Regular "malverng ReEncodeFont" <malverng.enc <ma55a10.pfb
ma56g24 Malvern-Oblique "malverng ReEncodeFont" <malverng.enc <ma56a10.pfb
ma75g24 Malvern-Bold "malverng ReEncodeFont" <malverng.enc <ma75a10.pfb
ma76g24 Malvern-BoldOblique "malverng ReEncodeFont" <malverng.enc <ma76a10.pfb
ma53a12 Malvern-Extended "malverna ReEncodeFont" <malverna.enc <ma53a12.pfb
ma57a12 Malvern-Condensed "malverna ReEncodeFont" <malverna.enc <ma57a12.pfb
ma55g11 Malvern-Regular "malverng ReEncodeFont" <malverng.enc <ma55a10.pfb
ma56g11 Malvern-Oblique "malverng ReEncodeFont" <malverng.enc <ma56a10.pfb
ma75g11 Malvern-Bold "malverng ReEncodeFont" <malverng.enc <ma75a10.pfb
ma76g9 Malvern-BoldOblique "malverng ReEncodeFont" <malverng.enc <ma76a10.pfb
ma55g9 Malvern-Regular "malverng ReEncodeFont" <malverng.enc <ma55a10.pfb
ma56g9 Malvern-Oblique "malverng ReEncodeFont" <malverng.enc <ma56a10.pfb
ma75g9 Malvern-Bold "malverng ReEncodeFont" <malverng.enc <ma75a10.pfb
ma76g9 Malvern-BoldOblique "malverng ReEncodeFont" <malverng.enc <ma76a10.pfb
ma55a48 Malvern-Regular "malverna ReEncodeFont" <malverna.enc <ma55a10.pfb
ma56a48 Malvern-Oblique "malverna ReEncodeFont" <malverna.enc <ma56a10.pfb
ma75a48 Malvern-Bold "malverna ReEncodeFont" <malverna.enc <ma75a10.pfb
ma76a48 Malvern-BoldOblique "malverna ReEncodeFont" <malverna.enc <ma76a10.pfb
ma55a72 Malvern-Regular "malverna ReEncodeFont" <malverna.enc <ma55a10.pfb
ma56a72 Malvern-Oblique "malverna ReEncodeFont" <malverna.enc <ma56a10.pfb
ma75a72 Malvern-Bold "malverna ReEncodeFont" <malverna.enc <ma75a10.pfb
ma76a72 Malvern-BoldOblique "malverna ReEncodeFont" <malverna.enc <ma76a10.pfb
